// Jest Snapshot v1, https://goo.gl/fbAQLP

exports[`the upload form it renders the upload form component 1`] = `
Object {
  "asFragment": [Function],
  "baseElement": <body>
    <div>
      <div
        class="contribution-form"
      >
        <h3>
          Contribution Form:
        </h3>
        <form
          id="contribution-form"
        >
          <div
            class="asset-model-select "
          >
            <label
              for="model-select-input"
            >
              Model's twitch username:
            </label>
            <input
              id="model-input"
              list="models"
              name="model-select-input"
              type="text"
              value=""
            />
            <datalist
              id="model-select-input"
              name="model-select"
            />
          </div>
          <div
            class="asset-owner-input"
          >
            <input
              id="asset-owner-input-yes"
              name="asset-owner-input"
              type="radio"
              value=""
            />
            <label
              for="asset-owner-input-yes"
            >
              Yes
            </label>
            <input
              id="asset-owner-input-no"
              name="asset-owner-input"
              type="radio"
              value=""
            />
            <label
              for="asset-owner-input-no"
            >
              No
            </label>
          </div>
          <div
            class="asset-category-div"
          >
            <label
              for="asset-category"
            >
              Asset category:
            </label>
            <select
              data-testid="asset-category-select"
              id="asset-category-select"
              name="asset-category"
            >
              <option
                value="tops"
              >
                Tops
              </option>
              <option
                value="bottoms"
              >
                Bottoms
              </option>
              <option
                value="sets"
              >
                Sets
              </option>
              <option
                value="shoes"
              >
                Shoes
              </option>
              <option
                value="accessories"
              >
                Accessories
              </option>
              <option
                value="hair"
              >
                Hair
              </option>
              <option
                value="face"
              >
                Face
              </option>
              <option
                value="model"
              >
                Model
              </option>
              <option
                value="backdrop"
              >
                Backdrop
              </option>
            </select>
          </div>
          <div
            class="asset-label-div"
          >
            <label
              for="asset-label"
            >
              Name for this asset:
            </label>
            <input
              id="asset-label"
              type="text"
              value=""
            />
          </div>
          <div
            class="asset-brief-description"
          >
            <textarea
              cols="30"
              id="asset-brief-description"
              name="asset-brief-description"
              rows="10"
            />
          </div>
          <div
            class="asset-icon-upload"
          >
            <input
              id="icon-upload"
              name="icon-upload"
              type="file"
            />
          </div>
          <div
            class="asset-color-select"
          >
            <label
              for="asset-color-select"
            >
              Color:
            </label>
            <select
              id="asset-color-select"
              name="asset-color-select"
            >
              <option
                value="white"
              >
                White
              </option>
              <option
                value="yellow"
              >
                Yellow
              </option>
              <option
                value="blue"
              >
                Blue
              </option>
              <option
                value="red"
              >
                Red
              </option>
              <option
                value="green"
              >
                Green
              </option>
              <option
                value="black"
              >
                Black
              </option>
              <option
                value="brown"
              >
                Brown
              </option>
              <option
                value="grey"
              >
                Grey
              </option>
              <option
                value="purple"
              >
                Purple
              </option>
              <option
                value="orange"
              >
                Orange
              </option>
              <option
                value="pink"
              >
                Pink
              </option>
              <option
                value="multicolor"
              >
                Multicolor
              </option>
            </select>
          </div>
          <div
            class="asset-icon-upload"
          >
            <label
              class="form-label"
              for="icon-upload"
            >
              Add an icon for this upload:
            </label>
            <input
              class="icon-upload-input"
              id="icon-upload"
              type="file"
            />
          </div>
          <div
            class="asset-extra-upload"
          >
            <p>
              Submit any extra info about this asset:
            </p>
            <p>
              For example brand of clothing 
            </p>
            <textarea
              cols="30"
              data-testid="asset-extra"
              id="assetExtra-area"
              name="assetExtra"
              placeholder="example (brand: gucci, material: silk)"
              rows="10"
            />
          </div>
          <input
            type="submit"
            value="Submit"
          />
        </form>
      </div>
    </div>
  </body>,
  "container": <div>
    <div
      class="contribution-form"
    >
      <h3>
        Contribution Form:
      </h3>
      <form
        id="contribution-form"
      >
        <div
          class="asset-model-select "
        >
          <label
            for="model-select-input"
          >
            Model's twitch username:
          </label>
          <input
            id="model-input"
            list="models"
            name="model-select-input"
            type="text"
            value=""
          />
          <datalist
            id="model-select-input"
            name="model-select"
          />
        </div>
        <div
          class="asset-owner-input"
        >
          <input
            id="asset-owner-input-yes"
            name="asset-owner-input"
            type="radio"
            value=""
          />
          <label
            for="asset-owner-input-yes"
          >
            Yes
          </label>
          <input
            id="asset-owner-input-no"
            name="asset-owner-input"
            type="radio"
            value=""
          />
          <label
            for="asset-owner-input-no"
          >
            No
          </label>
        </div>
        <div
          class="asset-category-div"
        >
          <label
            for="asset-category"
          >
            Asset category:
          </label>
          <select
            data-testid="asset-category-select"
            id="asset-category-select"
            name="asset-category"
          >
            <option
              value="tops"
            >
              Tops
            </option>
            <option
              value="bottoms"
            >
              Bottoms
            </option>
            <option
              value="sets"
            >
              Sets
            </option>
            <option
              value="shoes"
            >
              Shoes
            </option>
            <option
              value="accessories"
            >
              Accessories
            </option>
            <option
              value="hair"
            >
              Hair
            </option>
            <option
              value="face"
            >
              Face
            </option>
            <option
              value="model"
            >
              Model
            </option>
            <option
              value="backdrop"
            >
              Backdrop
            </option>
          </select>
        </div>
        <div
          class="asset-label-div"
        >
          <label
            for="asset-label"
          >
            Name for this asset:
          </label>
          <input
            id="asset-label"
            type="text"
            value=""
          />
        </div>
        <div
          class="asset-brief-description"
        >
          <textarea
            cols="30"
            id="asset-brief-description"
            name="asset-brief-description"
            rows="10"
          />
        </div>
        <div
          class="asset-icon-upload"
        >
          <input
            id="icon-upload"
            name="icon-upload"
            type="file"
          />
        </div>
        <div
          class="asset-color-select"
        >
          <label
            for="asset-color-select"
          >
            Color:
          </label>
          <select
            id="asset-color-select"
            name="asset-color-select"
          >
            <option
              value="white"
            >
              White
            </option>
            <option
              value="yellow"
            >
              Yellow
            </option>
            <option
              value="blue"
            >
              Blue
            </option>
            <option
              value="red"
            >
              Red
            </option>
            <option
              value="green"
            >
              Green
            </option>
            <option
              value="black"
            >
              Black
            </option>
            <option
              value="brown"
            >
              Brown
            </option>
            <option
              value="grey"
            >
              Grey
            </option>
            <option
              value="purple"
            >
              Purple
            </option>
            <option
              value="orange"
            >
              Orange
            </option>
            <option
              value="pink"
            >
              Pink
            </option>
            <option
              value="multicolor"
            >
              Multicolor
            </option>
          </select>
        </div>
        <div
          class="asset-icon-upload"
        >
          <label
            class="form-label"
            for="icon-upload"
          >
            Add an icon for this upload:
          </label>
          <input
            class="icon-upload-input"
            id="icon-upload"
            type="file"
          />
        </div>
        <div
          class="asset-extra-upload"
        >
          <p>
            Submit any extra info about this asset:
          </p>
          <p>
            For example brand of clothing 
          </p>
          <textarea
            cols="30"
            data-testid="asset-extra"
            id="assetExtra-area"
            name="assetExtra"
            placeholder="example (brand: gucci, material: silk)"
            rows="10"
          />
        </div>
        <input
          type="submit"
          value="Submit"
        />
      </form>
    </div>
  </div>,
  "debug": [Function],
  "findAllByAltText": [Function],
  "findAllByDisplayValue": [Function],
  "findAllByLabelText": [Function],
  "findAllByPlaceholderText": [Function],
  "findAllByRole": [Function],
  "findAllByTestId": [Function],
  "findAllByText": [Function],
  "findAllByTitle": [Function],
  "findByAltText": [Function],
  "findByDisplayValue": [Function],
  "findByLabelText": [Function],
  "findByPlaceholderText": [Function],
  "findByRole": [Function],
  "findByTestId": [Function],
  "findByText": [Function],
  "findByTitle": [Function],
  "getAllByAltText": [Function],
  "getAllByDisplayValue": [Function],
  "getAllByLabelText": [Function],
  "getAllByPlaceholderText": [Function],
  "getAllByRole": [Function],
  "getAllByTestId": [Function],
  "getAllByText": [Function],
  "getAllByTitle": [Function],
  "getByAltText": [Function],
  "getByDisplayValue": [Function],
  "getByLabelText": [Function],
  "getByPlaceholderText": [Function],
  "getByRole": [Function],
  "getByTestId": [Function],
  "getByText": [Function],
  "getByTitle": [Function],
  "queryAllByAltText": [Function],
  "queryAllByDisplayValue": [Function],
  "queryAllByLabelText": [Function],
  "queryAllByPlaceholderText": [Function],
  "queryAllByRole": [Function],
  "queryAllByTestId": [Function],
  "queryAllByText": [Function],
  "queryAllByTitle": [Function],
  "queryByAltText": [Function],
  "queryByDisplayValue": [Function],
  "queryByLabelText": [Function],
  "queryByPlaceholderText": [Function],
  "queryByRole": [Function],
  "queryByTestId": [Function],
  "queryByText": [Function],
  "queryByTitle": [Function],
  "rerender": [Function],
  "unmount": [Function],
}
`;
